// Jest Snapshot v1, https://goo.gl/fbAQLP

exports[`Should render the information of coutries Should render without a default value 1`] = `
<DocumentFragment>
  <section
    class="container"
  >
    <div
      class="alert alert-warning my-2"
    >
      Type the name of a country
    </div>
  </section>
</DocumentFragment>
`;
