// Jest Snapshot v1, https://goo.gl/fbAQLP

exports[`Shoul render component List Coutries Should render List coutries options 1`] = `
<DocumentFragment>
  <div
    class="container"
  >
    <div
      class="alert alert-info my-2"
    >
      Waiting for list countries
    </div>
  </div>
</DocumentFragment>
`;
